// Jest Snapshot v1, https://goo.gl/fbAQLP

exports[`Request should render with loading props 1`] = `
<View
  style={
    Array [
      Object {
        "flex": 1,
        "flexDirection": "row",
      },
      Object {
        "paddingBottom": 247,
        "paddingLeft": 247,
        "paddingRight": 247,
        "paddingTop": 247,
      },
    ]
  }
>
  <View
    style={
      Object {
        "alignItems": "center",
        "justifyContent": "center",
        "marginRight": 22,
      }
    }
  >
    11
  </View>
  <View
    style={
      Object {
        "flex": 1,
        "flexDirection": "column",
      }
    }
  >
    <WithTheme(DataRowComponent)
      label={11}
      value={11}
    />
    <WithTheme(DataRowComponent)
      label={
        <WithTheme(EdgeTextComponent)
          style={
            Object {
              "color": "#A4C7DF",
              "flex": 1,
              "fontSize": 17,
            }
          }
        >
          string
        </WithTheme(EdgeTextComponent)>
      }
      value={
        <WithTheme(EdgeTextComponent)
          style={
            Object {
              "color": "#A4C7DF",
              "fontSize": 17,
            }
          }
        >
          string
        </WithTheme(EdgeTextComponent)>
      }
    />
  </View>
</View>
`;
