// Jest Snapshot v1, https://goo.gl/fbAQLP

exports[`Request should render with loading props 1`] = `
<ForwardRef
  exchangeSecondaryToPrimaryRatio="0"
  forceUpdateGuiCounter={11}
  headerLogo={
    Object {
      "alignSelf": "center",
      "height": 123,
      "marginTop": 123,
      "width": 123,
    }
  }
  headerText="123"
  isEditable={true}
  isFiatOnTop={false}
  isFocus={true}
  keyboardVisible={true}
  onAmountChanged={[Function]}
  overridePrimaryDecimalAmount="3119046"
  primaryInfo={
    Object {
      "currencyCode": "BTC",
      "currencyName": "BTC",
      "currencySymbol": "₿",
      "maxConversionDecimals": 0,
      "maxEntryDecimals": 10,
    }
  }
  secondaryInfo={
    Object {
      "currencyCode": "BTC",
      "currencyName": "Bitcoin",
      "currencySymbol": "₿",
      "maxConversionDecimals": 10,
      "maxEntryDecimals": 10,
    }
  }
/>
`;
