// Jest Snapshot v1, https://goo.gl/fbAQLP

exports[`Request should render with loading props 1`] = `null`;
