// Jest Snapshot v1, https://goo.gl/fbAQLP

exports[`Request should render with loading props 1`] = `
<View
  style={
    Array [
      Object {
        "justifyContent": "center",
        "marginBottom": 11,
        "marginLeft": 22,
        "paddingBottom": 22,
      },
      Object {
        "marginTop": 22,
      },
      Object {
        "borderBottomColor": "rgba(255, 255, 255, .1)",
        "borderBottomWidth": 1,
      },
      undefined,
    ]
  }
>
  <WithTheme(EdgeTextComponent)
    style={
      Object {
        "fontFamily": "Quicksand-Medium",
        "fontSize": 27,
      }
    }
  >
    string
  </WithTheme(EdgeTextComponent)>
  hello
</View>
`;
