// Jest Snapshot v1, https://goo.gl/fbAQLP

exports[`BuyCrypto should render with some props 1`] = `
<React.Fragment>
  <ButtonBox
    onPress={[Function]}
    paddingRem={1}
  >
    <View
      style={
        Object {
          "alignItems": "center",
          "backgroundColor": "rgba(255, 255, 255, 0)",
          "flex": 1,
          "justifyContent": "center",
          "padding": 22,
        }
      }
    >
      <View
        style={
          Object {
            "alignItems": "center",
            "justifyContent": "center",
          }
        }
      >
        <FastImage
          resizeMode="cover"
          source={
            Object {
              "uri": "https://content.edge.app/currencyIcons/bitcoin/bitcoin.png",
            }
          }
          style={
            Object {
              "height": 51,
              "marginVertical": 6,
              "width": 51,
            }
          }
        />
        <WithTheme(EdgeTextComponent)
          style={
            Object {
              "fontFamily": "Quicksand-Medium",
              "marginVertical": 6,
            }
          }
        >
          Buy Bitcoin
        </WithTheme(EdgeTextComponent)>
      </View>
    </View>
  </ButtonBox>
  <View
    style={
      Object {
        "alignItems": "center",
        "flex": 1,
        "justifyContent": "center",
        "marginVertical": 11,
      }
    }
  >
    <WithTheme(EdgeTextComponent)
      style={
        Object {
          "fontSize": 28,
        }
      }
    >
      No transactions yet!
    </WithTheme(EdgeTextComponent)>
  </View>
</React.Fragment>
`;
