// Jest Snapshot v1, https://goo.gl/fbAQLP

exports[`DataRow should render with loading props 1`] = `
<View
  style={
    Array [
      Object {
        "alignItems": "center",
        "flexDirection": "row",
      },
      Object {
        "marginBottom": 247,
        "marginLeft": 247,
        "marginRight": 247,
        "marginTop": 247,
      },
    ]
  }
>
  <View
    style={
      Object {
        "alignItems": "center",
        "flex": 1,
        "flexDirection": "row",
      }
    }
  >
    string
  </View>
  <View
    style={
      Object {
        "marginLeft": 6,
        "textAlign": "right",
      }
    }
  >
    11
  </View>
</View>
`;
